// Vitest Snapshot v1, https://vitest.dev/guide/snapshot.html

exports[`UnavailableDaysManager > matches the manager structure 1`] = `"<div><div><div><label><span>Fecha a bloquear</span><input type="date" value=""></label></div><button disabled="" type="button">Agregar día no laborable</button></div><div><h2>Días bloqueados</h2><ul><li><span>2026-06-25</span><button type="button">Quitar</button></li></ul></div></div>"`;
