// Vitest Snapshot v1, https://vitest.dev/guide/snapshot.html

exports[`MonthCalendarGrid > matches the calendar grid structure 1`] = `"<div><table><thead><tr><th>Lun</th><th>Mar</th><th>Mié</th><th>Jue</th><th>Vie</th><th>Sáb</th><th>Dom</th></tr></thead><tbody><tr><td><span>31</span></td><td><a href="/admin/calendar?month=2026-06&amp;day=2026-06-01"><span>1</span></a></td><td><a href="/admin/calendar?month=2026-06&amp;day=2026-06-02"><span>2</span><span>1 turno</span></a></td><td><a href="/admin/calendar?month=2026-06&amp;day=2026-06-03" aria-current="date"><span>3</span><span>2 turnos</span></a></td><td><a href="/admin/calendar?month=2026-06&amp;day=2026-06-04"><span>4</span></a></td><td><a href="/admin/calendar?month=2026-06&amp;day=2026-06-05"><span>5</span></a></td><td><a href="/admin/calendar?month=2026-06&amp;day=2026-06-06"><span>6</span></a></td></tr></tbody></table></div>"`;
