// Vitest Snapshot v1, https://vitest.dev/guide/snapshot.html

exports[`AdminNav > matches the nav structure 1`] = `"<nav aria-label="Secciones del panel"><a href="/admin">Panel</a><a href="/admin/appointments" aria-current="page">Turnos</a><a href="/admin/calendar">Calendario</a><a href="/admin/schedule">Horarios</a><a href="/admin/unavailable-days">Días no laborables</a><a href="/admin/coverage">Coberturas y precios</a><a href="/admin/clinic-info">Información de la cita</a><a href="/admin/profile">Perfil</a></nav>"`;
