// Vitest Snapshot v1, https://vitest.dev/guide/snapshot.html

exports[`ResetPasswordForm > carries the token as a hidden field and matches the structure 1`] = `"<form action="javascript:throw new Error('A React form was unexpectedly submitted. If you called form.submit() manually, consider using form.requestSubmit() instead. If you\\'re trying to use event.stopPropagation() in a submit event handler, consider also calling event.preventDefault().')"><input type="hidden" value="tok-123" name="token"><div><label><span>Nueva contraseña<span aria-hidden="true"> *</span></span><input required="" minlength="8" autocomplete="new-password" type="password" name="newPassword"></label></div><button type="submit">Guardar contraseña</button></form>"`;
