// Vitest Snapshot v1, https://vitest.dev/guide/snapshot.html

exports[`passwordResetEmail > renders the branded layout 1`] = `
{
  "html": "<!doctype html>
<html lang="es">
<head>
<meta charset="utf-8">
<meta name="viewport" content="width=device-width,initial-scale=1">
<meta name="x-apple-disable-message-reformatting">
<title>Dra. Mara Flamini · Dermatología</title>
</head>
<body style="margin:0;padding:0;background:#fff3f0;font-family:-apple-system, BlinkMacSystemFont, 'Segoe UI', Roboto, Helvetica, Arial, sans-serif;color:#111827;">
  <table role="presentation" width="100%" cellpadding="0" cellspacing="0" style="background:#fff3f0;">
    <tr><td align="center" style="padding:24px 12px;">
      <table role="presentation" width="600" cellpadding="0" cellspacing="0" style="width:600px;max-width:100%;background:#ffffff;border-radius:12px;overflow:hidden;box-shadow:0 1px 3px rgba(0,0,0,0.1);">
        <tr><td style="background:#ba8c84;padding:20px 28px;">
          <span style="font-size:16px;font-weight:700;color:#ffffff;">Dra. Mara Flamini · Dermatología</span>
        </td></tr>
        <tr><td style="padding:28px;"><h1 style="margin:0 0 16px;font-size:20px;line-height:1.3;font-weight:700;color:#111827;">Restablecé tu contraseña</h1>
<p style="margin:0 0 16px;font-size:15px;line-height:1.6;color:#4b5563;">Recibimos un pedido para restablecer la contraseña de tu panel. Tocá el botón para elegir una nueva.</p>
<table role="presentation" cellpadding="0" cellspacing="0" style="margin:4px 0 16px;">
    <tr><td style="border-radius:8px;background:#9e7162;">
      <a href="https://clinica.example/admin/reset-password?token=abc123" style="display:inline-block;padding:12px 24px;font-size:15px;font-weight:600;color:#ffffff;text-decoration:none;border-radius:8px;">Restablecer contraseña</a>
    </td></tr>
  </table>
<p style="margin:0 0 16px;font-size:15px;line-height:1.6;color:#4b5563;">Este enlace vence en 30 minutos y solo puede usarse una vez. Si no pediste restablecer tu contraseña, ignorá este mensaje: tu contraseña no cambia.</p></td></tr>
        <tr><td style="padding:18px 28px;background:#f7e8e4;border-top:1px solid #e5e7eb;">
          <span style="font-size:12px;color:#4b5563;">Dra. Mara Flamini · Dermatología</span>
        </td></tr>
      </table>
    </td></tr>
  </table>
</body>
</html>",
  "subject": "Restablecé tu contraseña — Dra. Mara Flamini",
  "text": "Restablecé tu contraseña

Recibimos un pedido para restablecer la contraseña de tu panel. Abrí este enlace para elegir una nueva:
https://clinica.example/admin/reset-password?token=abc123

Este enlace vence en 30 minutos y solo puede usarse una vez. Si no pediste restablecer tu contraseña, ignorá este mensaje: tu contraseña no cambia.

Dra. Mara Flamini · Dermatología",
  "to": "mara@example.com",
}
`;
